2026-09-29 16:58:43 [main] INFO  BaseClass - config.properties file is loaded
2026-09-29 16:59:08 [main] INFO  BaseClass - webdriver initialized
2026-09-29 16:59:08 [main] INFO  Tests - Test Passed-title is matching
2026-09-29 16:59:08 [main] INFO  BaseClass - browser is closed
2026-09-29 16:59:35 [main] INFO  BaseClass - webdriver initialized
2026-09-29 16:59:35 [main] INFO  ActionDriver - webdriver instance is created
2026-09-29 16:59:35 [main] INFO  ActionDriver - webdriver instance is created
2026-09-29 16:59:36 [main] INFO  ActionDriver - clicked an element
2026-09-29 16:59:38 [main] INFO  BaseClass - browser is closed
2026-09-30 18:57:40 [main] INFO  BaseClass - config.properties file is loaded
2026-09-30 18:58:09 [main] INFO  BaseClass - webdriver initialized
2026-09-30 18:58:09 [main] INFO  Tests - Test Passed-title is matching
2026-09-30 18:58:09 [main] INFO  BaseClass - browser is closed
2026-09-30 18:58:34 [main] INFO  BaseClass - webdriver initialized
2026-09-30 18:58:34 [main] INFO  ActionDriver - webdriver instance is created
2026-09-30 18:58:34 [main] INFO  ActionDriver - webdriver instance is created
2026-09-30 18:58:36 [main] INFO  ActionDriver - clicked an element
2026-09-30 18:58:37 [main] INFO  BaseClass - browser is closed
2026-10-06 16:02:33 [main] INFO  BaseClass - config.properties file is loaded
2026-10-06 16:02:47 [main] INFO  BaseClass - webdriver initialized
2026-10-06 16:02:47 [main] INFO  Tests - Test Passed-title is matching
2026-10-06 16:02:48 [main] INFO  BaseClass - browser is closed
2026-10-06 16:02:53 [main] INFO  BaseClass - webdriver initialized
2026-10-06 16:02:53 [main] INFO  ActionDriver - webdriver instance is created
2026-10-06 16:02:53 [main] INFO  ActionDriver - webdriver instance is created
2026-10-06 16:02:54 [main] INFO  BaseClass - browser is closed
2026-10-06 16:06:02 [main] INFO  BaseClass - config.properties file is loaded
2026-10-06 16:06:10 [main] INFO  BaseClass - webdriver initialized
2026-10-06 16:06:10 [main] INFO  Tests - Test Passed-title is matching
2026-10-06 16:06:10 [main] INFO  BaseClass - browser is closed
2026-10-06 16:06:16 [main] INFO  BaseClass - webdriver initialized
2026-10-06 16:06:16 [main] INFO  ActionDriver - webdriver instance is created
2026-10-06 16:06:16 [main] INFO  ActionDriver - webdriver instance is created
2026-10-06 16:06:17 [main] INFO  BaseClass - browser is closed
2026-10-06 16:46:17 [main] INFO  BaseClass - config.properties file is loaded
2026-10-06 16:46:21 [main] INFO  BaseClass - webdriver initialized
2026-10-06 16:46:24 [main] INFO  Tests - Test Passed-title is matching
2026-10-06 16:46:24 [main] INFO  BaseClass - browser is closed
2026-10-06 16:46:27 [main] INFO  BaseClass - webdriver initialized
2026-10-06 16:46:30 [main] INFO  ActionDriver - webdriver instance is created
2026-10-06 16:46:30 [main] INFO  ActionDriver - webdriver instance is created
2026-10-06 16:46:31 [main] INFO  ActionDriver - clicked an element
2026-10-06 16:46:33 [main] INFO  BaseClass - browser is closed
